mode: set
github.com/schlep-engine/go-gateway/internal/cache/redis_cache.go:21.87,23.16 2 1
github.com/schlep-engine/go-gateway/internal/cache/redis_cache.go:23.16,25.3 1 1
github.com/schlep-engine/go-gateway/internal/cache/redis_cache.go:27.2,33.47 4 1
github.com/schlep-engine/go-gateway/internal/cache/redis_cache.go:33.47,35.3 1 1
github.com/schlep-engine/go-gateway/internal/cache/redis_cache.go:37.2,40.8 1 1
github.com/schlep-engine/go-gateway/internal/cache/redis_cache.go:53.46,57.2 3 1
github.com/schlep-engine/go-gateway/internal/cache/redis_cache.go:60.115,64.22 3 1
github.com/schlep-engine/go-gateway/internal/cache/redis_cache.go:64.22,66.3 1 1
github.com/schlep-engine/go-gateway/internal/cache/redis_cache.go:66.8,66.23 1 1
github.com/schlep-engine/go-gateway/internal/cache/redis_cache.go:66.23,68.3 1 1
github.com/schlep-engine/go-gateway/internal/cache/redis_cache.go:70.2,71.68 2 1
github.com/schlep-engine/go-gateway/internal/cache/redis_cache.go:71.68,73.3 1 0
github.com/schlep-engine/go-gateway/internal/cache/redis_cache.go:75.2,75.25 1 1
github.com/schlep-engine/go-gateway/internal/cache/redis_cache.go:79.124,84.16 4 1
github.com/schlep-engine/go-gateway/internal/cache/redis_cache.go:84.16,86.3 1 0
github.com/schlep-engine/go-gateway/internal/cache/redis_cache.go:88.2,88.66 1 1
github.com/schlep-engine/go-gateway/internal/cache/redis_cache.go:88.66,90.3 1 1
github.com/schlep-engine/go-gateway/internal/cache/redis_cache.go:92.2,92.12 1 1
github.com/schlep-engine/go-gateway/internal/cache/redis_cache.go:96.101,99.2 2 1
github.com/schlep-engine/go-gateway/internal/cache/redis_cache.go:102.86,106.21 3 1
github.com/schlep-engine/go-gateway/internal/cache/redis_cache.go:106.21,107.61 1 1
github.com/schlep-engine/go-gateway/internal/cache/redis_cache.go:107.61,109.4 1 0
github.com/schlep-engine/go-gateway/internal/cache/redis_cache.go:112.2,112.19 1 1
github.com/schlep-engine/go-gateway/internal/cache/redis_cache.go:116.81,118.16 2 1
github.com/schlep-engine/go-gateway/internal/cache/redis_cache.go:118.16,120.3 1 1
github.com/schlep-engine/go-gateway/internal/cache/redis_cache.go:122.2,124.8 1 0
github.com/schlep-engine/go-gateway/internal/cache/redis_cache.go:128.41,130.2 1 1
github.com/schlep-engine/go-gateway/internal/rust/ffi.go:16.24,19.2 2 1
github.com/schlep-engine/go-gateway/internal/rust/ffi.go:23.36,31.2 5 1
github.com/schlep-engine/go-gateway/internal/router/adaptive_router.go:88.91,110.2 1 0
github.com/schlep-engine/go-gateway/internal/router/adaptive_router.go:113.67,117.50 3 1
github.com/schlep-engine/go-gateway/internal/router/adaptive_router.go:117.50,119.3 1 1
github.com/schlep-engine/go-gateway/internal/router/adaptive_router.go:121.2,125.12 4 1
github.com/schlep-engine/go-gateway/internal/router/adaptive_router.go:129.101,135.26 4 1
github.com/schlep-engine/go-gateway/internal/router/adaptive_router.go:135.26,137.3 1 1
github.com/schlep-engine/go-gateway/internal/router/adaptive_router.go:140.2,141.26 2 1
github.com/schlep-engine/go-gateway/internal/router/adaptive_router.go:141.26,143.3 1 0
github.com/schlep-engine/go-gateway/internal/router/adaptive_router.go:146.2,149.26 3 1
github.com/schlep-engine/go-gateway/internal/router/adaptive_router.go:150.26,151.51 1 1
github.com/schlep-engine/go-gateway/internal/router/adaptive_router.go:152.23,153.48 1 1
github.com/schlep-engine/go-gateway/internal/router/adaptive_router.go:154.28,155.53 1 1
github.com/schlep-engine/go-gateway/internal/router/adaptive_router.go:156.30,157.55 1 1
github.com/schlep-engine/go-gateway/internal/router/adaptive_router.go:158.24,159.49 1 1
github.com/schlep-engine/go-gateway/internal/router/adaptive_router.go:160.10,161.73 1 0
github.com/schlep-engine/go-gateway/internal/router/adaptive_router.go:164.2,164.16 1 1
github.com/schlep-engine/go-gateway/internal/router/adaptive_router.go:164.16,166.3 1 0
github.com/schlep-engine/go-gateway/internal/router/adaptive_router.go:168.2,169.22 2 1
github.com/schlep-engine/go-gateway/internal/router/adaptive_router.go:173.106,177.37 3 1
github.com/schlep-engine/go-gateway/internal/router/adaptive_router.go:177.37,182.27 4 1
github.com/schlep-engine/go-gateway/internal/router/adaptive_router.go:182.27,185.4 2 1
github.com/schlep-engine/go-gateway/internal/router/adaptive_router.go:188.2,192.3 1 1
github.com/schlep-engine/go-gateway/internal/router/adaptive_router.go:196.103,200.37 3 1
github.com/schlep-engine/go-gateway/internal/router/adaptive_router.go:200.37,205.31 4 1
github.com/schlep-engine/go-gateway/internal/router/adaptive_router.go:205.31,208.4 2 1
github.com/schlep-engine/go-gateway/internal/router/adaptive_router.go:211.2,215.3 1 1
github.com/schlep-engine/go-gateway/internal/router/adaptive_router.go:219.108,224.37 3 1
github.com/schlep-engine/go-gateway/internal/router/adaptive_router.go:224.37,231.18 5 1
github.com/schlep-engine/go-gateway/internal/router/adaptive_router.go:231.18,233.4 1 1
github.com/schlep-engine/go-gateway/internal/router/adaptive_router.go:233.9,235.4 1 0
github.com/schlep-engine/go-gateway/internal/router/adaptive_router.go:236.3,236.28 1 1
github.com/schlep-engine/go-gateway/internal/router/adaptive_router.go:240.2,240.25 1 1
github.com/schlep-engine/go-gateway/internal/router/adaptive_router.go:240.25,242.3 1 1
github.com/schlep-engine/go-gateway/internal/router/adaptive_router.go:245.2,248.33 3 1
github.com/schlep-engine/go-gateway/internal/router/adaptive_router.go:248.33,250.22 2 1
github.com/schlep-engine/go-gateway/internal/router/adaptive_router.go:250.22,256.4 1 1
github.com/schlep-engine/go-gateway/internal/router/adaptive_router.go:260.2,264.3 1 0
github.com/schlep-engine/go-gateway/internal/router/adaptive_router.go:269.110,271.67 1 1
github.com/schlep-engine/go-gateway/internal/router/adaptive_router.go:271.67,278.3 2 1
github.com/schlep-engine/go-gateway/internal/router/adaptive_router.go:281.2,284.37 3 0
github.com/schlep-engine/go-gateway/internal/router/adaptive_router.go:284.37,299.25 10 0
github.com/schlep-engine/go-gateway/internal/router/adaptive_router.go:299.25,302.4 2 0
github.com/schlep-engine/go-gateway/internal/router/adaptive_router.go:305.2,309.3 1 0
github.com/schlep-engine/go-gateway/internal/router/adaptive_router.go:313.104,320.2 2 1
github.com/schlep-engine/go-gateway/internal/router/adaptive_router.go:323.92,328.13 4 1
github.com/schlep-engine/go-gateway/internal/router/adaptive_router.go:328.13,330.3 1 0
github.com/schlep-engine/go-gateway/internal/router/adaptive_router.go:332.2,337.16 4 1
github.com/schlep-engine/go-gateway/internal/router/adaptive_router.go:337.16,341.3 3 1
github.com/schlep-engine/go-gateway/internal/router/adaptive_router.go:341.8,346.30 3 1
github.com/schlep-engine/go-gateway/internal/router/adaptive_router.go:346.30,348.4 1 1
github.com/schlep-engine/go-gateway/internal/router/adaptive_router.go:348.9,350.4 1 1
github.com/schlep-engine/go-gateway/internal/router/adaptive_router.go:352.3,352.96 1 1
github.com/schlep-engine/go-gateway/internal/router/adaptive_router.go:357.67,362.13 4 1
github.com/schlep-engine/go-gateway/internal/router/adaptive_router.go:362.13,364.3 1 0
github.com/schlep-engine/go-gateway/internal/router/adaptive_router.go:366.2,368.29 3 1
github.com/schlep-engine/go-gateway/internal/router/adaptive_router.go:368.29,370.3 1 1
github.com/schlep-engine/go-gateway/internal/router/adaptive_router.go:371.2,371.21 1 1
github.com/schlep-engine/go-gateway/internal/router/adaptive_router.go:375.76,380.13 4 1
github.com/schlep-engine/go-gateway/internal/router/adaptive_router.go:380.13,382.3 1 0
github.com/schlep-engine/go-gateway/internal/router/adaptive_router.go:384.2,387.21 4 1
github.com/schlep-engine/go-gateway/internal/router/adaptive_router.go:391.69,397.39 4 1
github.com/schlep-engine/go-gateway/internal/router/adaptive_router.go:397.39,412.3 3 1
github.com/schlep-engine/go-gateway/internal/router/adaptive_router.go:414.2,414.14 1 1
github.com/schlep-engine/go-gateway/internal/router/adaptive_router.go:432.76,433.24 1 1
github.com/schlep-engine/go-gateway/internal/router/adaptive_router.go:433.24,436.33 2 0
github.com/schlep-engine/go-gateway/internal/router/adaptive_router.go:436.33,438.4 1 0
github.com/schlep-engine/go-gateway/internal/router/adaptive_router.go:439.3,439.16 1 0
github.com/schlep-engine/go-gateway/internal/router/adaptive_router.go:442.2,443.38 2 1
github.com/schlep-engine/go-gateway/internal/router/adaptive_router.go:443.38,444.44 1 1
github.com/schlep-engine/go-gateway/internal/router/adaptive_router.go:444.44,446.4 1 1
github.com/schlep-engine/go-gateway/internal/router/adaptive_router.go:448.2,448.19 1 1
github.com/schlep-engine/go-gateway/internal/router/adaptive_router.go:451.73,453.35 2 1
github.com/schlep-engine/go-gateway/internal/router/adaptive_router.go:453.35,458.16 4 1
github.com/schlep-engine/go-gateway/internal/router/adaptive_router.go:458.16,460.4 1 1
github.com/schlep-engine/go-gateway/internal/router/adaptive_router.go:462.2,462.16 1 1
github.com/schlep-engine/go-gateway/internal/router/adaptive_router.go:465.85,467.43 2 1
github.com/schlep-engine/go-gateway/internal/router/adaptive_router.go:467.43,469.3 1 1
github.com/schlep-engine/go-gateway/internal/router/adaptive_router.go:471.2,471.31 1 1
github.com/schlep-engine/go-gateway/internal/router/adaptive_router.go:471.31,472.19 1 1
github.com/schlep-engine/go-gateway/internal/router/adaptive_router.go:472.19,474.4 1 1
github.com/schlep-engine/go-gateway/internal/router/adaptive_router.go:476.2,476.13 1 1
github.com/schlep-engine/go-gateway/internal/router/adaptive_router.go:479.73,483.32 3 1
github.com/schlep-engine/go-gateway/internal/router/adaptive_router.go:483.32,485.3 1 1
github.com/schlep-engine/go-gateway/internal/router/adaptive_router.go:487.2,491.35 3 0
